<testsuites name="jest tests" tests="4" failures="0" time="0.726">
  <testsuite name="undefined" errors="0" failures="0" skipped="0" timestamp="2021-03-03T17:02:13" time="0.726" tests="4">
    <testcase classname=" initial UI is rendered as expected" name=" initial UI is rendered as expected" time="0.041">
    </testcase>
    <testcase classname=" search is made on by clicking on search button and no results found" name=" search is made on by clicking on search button and no results found" time="0.032">
    </testcase>
    <testcase classname=" search is made on by clicking on search button and result found - test 1" name=" search is made on by clicking on search button and result found - test 1" time="0.018">
    </testcase>
    <testcase classname=" search is made on by clicking on search button and result found - test 2" name=" search is made on by clicking on search button and result found - test 2" time="0.022">
    </testcase>
  </testsuite>
</testsuites>